#
# There is insufficient memory for the Java Runtime Environment to continue.
# Native memory allocation (malloc) failed to allocate 1048576 bytes. Error detail: AllocateHeap
# Possible reasons:
#   The system is out of physical RAM or swap space
#   This process is running with CompressedOops enabled, and the Java Heap may be blocking the growth of the native heap
# Possible solutions:
#   Reduce memory load on the system
#   Increase physical memory or swap space
#   Check if swap backing store is full
#   Decrease Java heap size (-Xmx/-Xms)
#   Decrease number of Java threads
#   Decrease Java thread stack sizes (-Xss)
#   Set larger code cache with -XX:ReservedCodeCacheSize=
#   JVM is running with Unscaled Compressed Oops mode in which the Java heap is
#     placed in the first 4GB address space. The Java Heap base address is the
#     maximum limit for the native heap growth. Please use -XX:HeapBaseMinAddress
#     to set the Java Heap base and to place the Java Heap above 4GB virtual address.
# This output file may be truncated or incomplete.
#
#  Out of Memory Error (allocation.cpp:44), pid=2532, tid=64144
#
# JRE version: OpenJDK Runtime Environment Temurin-21.0.8+9 (21.0.8+9) (build 21.0.8+9-LTS)
# Java VM: OpenJDK 64-Bit Server VM Temurin-21.0.8+9 (21.0.8+9-LTS, mixed mode, sharing, tiered, compressed oops, compressed class ptrs, parallel gc, windows-amd64)
# No core dump will be written. Minidumps are not enabled by default on client versions of Windows
#

---------------  S U M M A R Y ------------

Command Line: --add-modules=ALL-SYSTEM --add-opens=java.base/java.util=ALL-UNNAMED --add-opens=java.base/java.lang=ALL-UNNAMED --add-opens=java.base/sun.nio.fs=ALL-UNNAMED -Declipse.application=org.eclipse.jdt.ls.core.id1 -Dosgi.bundles.defaultStartLevel=4 -Declipse.product=org.eclipse.jdt.ls.core.product -Djava.import.generatesMetadataFilesAtProjectRoot=false -DDetectVMInstallationsJob.disabled=true -Dfile.encoding=utf8 -XX:+UseParallelGC -XX:GCTimeRatio=4 -XX:AdaptiveSizePolicyWeight=90 -Dsun.zip.disableMemoryMapping=true -Xmx2G -Xms100m -Xlog:disable -javaagent:c:\Users\mhnhp\.cursor\extensions\redhat.java-1.47.0-win32-x64\lombok\lombok-1.18.39-4050.jar -XX:+HeapDumpOnOutOfMemoryError -XX:HeapDumpPath=c:\Users\mhnhp\AppData\Roaming\Cursor\User\workspaceStorage\91e6f4dfc53d0bd93e94ad3b5b2fcffa\redhat.java -Daether.dependencyCollector.impl=bf c:\Users\mhnhp\.cursor\extensions\redhat.java-1.47.0-win32-x64\server\plugins\org.eclipse.equinox.launcher_1.7.100.v20251014-1222.jar -configuration c:\Users\mhnhp\AppData\Roaming\Cursor\User\globalStorage\redhat.java\1.47.0\config_win -data c:\Users\mhnhp\AppData\Roaming\Cursor\User\workspaceStorage\91e6f4dfc53d0bd93e94ad3b5b2fcffa\redhat.java\jdt_ws --pipe=\\.\pipe\lsp-e0f64b1fb0667a7f34b574f56ae08f57-sock

Host: 13th Gen Intel(R) Core(TM) i7-13620H, 16 cores, 15G,  Windows 11 , 64 bit Build 26100 (10.0.26100.6725)
Time: Thu Nov  6 17:13:59 2025 Eastern Standard Time elapsed time: 476.986785 seconds (0d 0h 7m 56s)

---------------  T H R E A D  ---------------

Current thread (0x0000022161e22550):  JavaThread "Attach Listener" daemon [_thread_in_vm, id=64144, stack(0x000000dbdcc00000,0x000000dbdcd00000) (1024K)]

Stack: [0x000000dbdcc00000,0x000000dbdcd00000]
Native frames: (J=compiled Java code, j=interpreted, Vv=VM code, C=native code)
V  [jvm.dll+0x6d2449]
V  [jvm.dll+0x8ae341]
V  [jvm.dll+0x8b08be]
V  [jvm.dll+0x8b0fa3]
V  [jvm.dll+0x280c96]
V  [jvm.dll+0xc0347]
V  [jvm.dll+0x6d2cf9]
V  [jvm.dll+0x131116]
V  [jvm.dll+0x3f2d16]
V  [jvm.dll+0x857e6b]
V  [jvm.dll+0x6d0b0d]
C  [ucrtbase.dll+0x37b0]
C  [KERNEL32.DLL+0x2e8d7]
C  [ntdll.dll+0x8c53c]


---------------  P R O C E S S  ---------------

Threads class SMR info:
_java_thread_list=0x00000221457f6e70, length=51, elements={
0x0000022161d7db60, 0x0000022161e14fd0, 0x0000022161e17a50, 0x0000022161e1e610,
0x0000022161e22550, 0x0000022161e24a70, 0x0000022161e29da0, 0x0000022161e2d730,
0x0000022179b10200, 0x0000022179c0ceb0, 0x00000221450e50e0, 0x00000221459973d0,
0x00000221456010a0, 0x000002214594ef20, 0x0000022145950960, 0x0000022145951d10,
0x000002214594f5b0, 0x00000221459523a0, 0x00000221459502d0, 0x0000022146785e20,
0x00000221467864b0, 0x0000022146787860, 0x0000022146788580, 0x0000022146785100,
0x0000022146788c10, 0x0000022146785790, 0x0000022146789fc0, 0x000002214678b370,
0x000002214678c090, 0x000002214678c720, 0x000002214678a650, 0x000002214678ace0,
0x000002214678ba00, 0x0000022146789930, 0x00000221467892a0, 0x00000221483d6e00,
0x00000221483d7490, 0x00000221483d7b20, 0x00000221483d6770, 0x00000221483d81b0,
0x00000221483d4d30, 0x00000221483d8840, 0x00000221483d9560, 0x00000221483d60e0,
0x00000221483db630, 0x00000221483da280, 0x00000221483dbcc0, 0x00000221483dafa0,
0x0000022146ac0030, 0x0000022146ac2e20, 0x0000022146ac3b40
}

Java Threads: ( => current thread )
  0x0000022161d7db60 JavaThread "main"                              [_thread_blocked, id=21556, stack(0x000000dbdc500000,0x000000dbdc600000) (1024K)]
  0x0000022161e14fd0 JavaThread "Reference Handler"          daemon [_thread_blocked, id=32632, stack(0x000000dbdc900000,0x000000dbdca00000) (1024K)]
  0x0000022161e17a50 JavaThread "Finalizer"                  daemon [_thread_blocked, id=96088, stack(0x000000dbdca00000,0x000000dbdcb00000) (1024K)]
  0x0000022161e1e610 JavaThread "Signal Dispatcher"          daemon [_thread_blocked, id=106576, stack(0x000000dbdcb00000,0x000000dbdcc00000) (1024K)]
=>0x0000022161e22550 JavaThread "Attach Listener"            daemon [_thread_in_vm, id=64144, stack(0x000000dbdcc00000,0x000000dbdcd00000) (1024K)]
  0x0000022161e24a70 JavaThread "Service Thread"             daemon [_thread_blocked, id=114424, stack(0x000000dbdcd00000,0x000000dbdce00000) (1024K)]
  0x0000022161e29da0 JavaThread "Monitor Deflation Thread"   daemon [_thread_blocked, id=108332, stack(0x000000dbdce00000,0x000000dbdcf00000) (1024K)]
  0x0000022161e2d730 JavaThread "C2 CompilerThread0"         daemon [_thread_blocked, id=79392, stack(0x000000dbdcf00000,0x000000dbdd000000) (1024K)]
  0x0000022179b10200 JavaThread "C1 CompilerThread0"         daemon [_thread_blocked, id=66664, stack(0x000000dbdd000000,0x000000dbdd100000) (1024K)]
  0x0000022179c0ceb0 JavaThread "Common-Cleaner"             daemon [_thread_blocked, id=107032, stack(0x000000dbdd100000,0x000000dbdd200000) (1024K)]
  0x00000221450e50e0 JavaThread "Notification Thread"        daemon [_thread_blocked, id=85848, stack(0x000000dbdd600000,0x000000dbdd700000) (1024K)]
  0x00000221459973d0 JavaThread "Active Thread: Equinox Container: 3ae254ee-dd22-4ceb-ab66-f01d751aacf2"        [_thread_blocked, id=62816, stack(0x000000dbddd00000,0x000000dbdde00000) (1024K)]
  0x00000221456010a0 JavaThread "Refresh Thread: Equinox Container: 3ae254ee-dd22-4ceb-ab66-f01d751aacf2" daemon [_thread_blocked, id=73412, stack(0x000000dbddf00000,0x000000dbde000000) (1024K)]
  0x000002214594ef20 JavaThread "Framework Event Dispatcher: Equinox Container: 3ae254ee-dd22-4ceb-ab66-f01d751aacf2" daemon [_thread_blocked, id=99048, stack(0x000000dbde000000,0x000000dbde100000) (1024K)]
  0x0000022145950960 JavaThread "Start Level: Equinox Container: 3ae254ee-dd22-4ceb-ab66-f01d751aacf2" daemon [_thread_blocked, id=36260, stack(0x000000dbde100000,0x000000dbde200000) (1024K)]
  0x0000022145951d10 JavaThread "Bundle File Closer"         daemon [_thread_blocked, id=57400, stack(0x000000dbde500000,0x000000dbde600000) (1024K)]
  0x000002214594f5b0 JavaThread "SCR Component Actor"        daemon [_thread_blocked, id=115824, stack(0x000000dbde600000,0x000000dbde700000) (1024K)]
  0x00000221459523a0 JavaThread "Worker-JM"                         [_thread_blocked, id=98164, stack(0x000000dbde700000,0x000000dbde800000) (1024K)]
  0x00000221459502d0 JavaThread "JNA Cleaner"                daemon [_thread_blocked, id=107164, stack(0x000000dbdea00000,0x000000dbdeb00000) (1024K)]
  0x0000022146785e20 JavaThread "Worker-2"                          [_thread_blocked, id=88416, stack(0x000000dbdec00000,0x000000dbded00000) (1024K)]
  0x00000221467864b0 JavaThread "Java indexing"              daemon [_thread_blocked, id=119628, stack(0x000000dbdee00000,0x000000dbdef00000) (1024K)]
  0x0000022146787860 JavaThread "Worker-4"                          [_thread_blocked, id=99364, stack(0x000000dbdf200000,0x000000dbdf300000) (1024K)]
  0x0000022146788580 JavaThread "Thread-1"                   daemon [_thread_in_native, id=73212, stack(0x000000dbdf400000,0x000000dbdf500000) (1024K)]
  0x0000022146785100 JavaThread "Thread-2"                   daemon [_thread_in_native, id=113048, stack(0x000000dbdf500000,0x000000dbdf600000) (1024K)]
  0x0000022146788c10 JavaThread "Thread-3"                   daemon [_thread_in_native, id=110580, stack(0x000000dbdf600000,0x000000dbdf700000) (1024K)]
  0x0000022146785790 JavaThread "Thread-4"                   daemon [_thread_in_native, id=114748, stack(0x000000dbdf700000,0x000000dbdf800000) (1024K)]
  0x0000022146789fc0 JavaThread "Thread-5"                   daemon [_thread_in_native, id=62060, stack(0x000000dbdf800000,0x000000dbdf900000) (1024K)]
  0x000002214678b370 JavaThread "Thread-6"                   daemon [_thread_in_native, id=86632, stack(0x000000dbdf900000,0x000000dbdfa00000) (1024K)]
  0x000002214678c090 JavaThread "Thread-7"                   daemon [_thread_in_native, id=68256, stack(0x000000dbdfa00000,0x000000dbdfb00000) (1024K)]
  0x000002214678c720 JavaThread "Thread-8"                   daemon [_thread_in_native, id=84976, stack(0x000000dbdfb00000,0x000000dbdfc00000) (1024K)]
  0x000002214678a650 JavaThread "Thread-9"                   daemon [_thread_in_native, id=100144, stack(0x000000dbdfc00000,0x000000dbdfd00000) (1024K)]
  0x000002214678ace0 JavaThread "Thread-10"                  daemon [_thread_in_native, id=65324, stack(0x000000dbdfd00000,0x000000dbdfe00000) (1024K)]
  0x000002214678ba00 JavaThread "Thread-11"                  daemon [_thread_in_native, id=59676, stack(0x000000dbdfe00000,0x000000dbdff00000) (1024K)]
  0x0000022146789930 JavaThread "Thread-12"                  daemon [_thread_in_native, id=109560, stack(0x000000dbdff00000,0x000000dbe0000000) (1024K)]
  0x00000221467892a0 JavaThread "Thread-13"                  daemon [_thread_in_native, id=115444, stack(0x000000dbe0000000,0x000000dbe0100000) (1024K)]
  0x00000221483d6e00 JavaThread "Thread-14"                  daemon [_thread_in_native, id=41492, stack(0x000000dbe0100000,0x000000dbe0200000) (1024K)]
  0x00000221483d7490 JavaThread "Thread-15"                  daemon [_thread_in_native, id=71296, stack(0x000000dbe0200000,0x000000dbe0300000) (1024K)]
  0x00000221483d7b20 JavaThread "Thread-16"                  daemon [_thread_in_native, id=13264, stack(0x000000dbe0300000,0x000000dbe0400000) (1024K)]
  0x00000221483d6770 JavaThread "Thread-17"                  daemon [_thread_in_native, id=82436, stack(0x000000dbe0400000,0x000000dbe0500000) (1024K)]
  0x00000221483d81b0 JavaThread "pool-2-thread-1"                   [_thread_blocked, id=108772, stack(0x000000dbe0500000,0x000000dbe0600000) (1024K)]
  0x00000221483d4d30 JavaThread "WorkspaceEventsHandler"            [_thread_blocked, id=122224, stack(0x000000dbe0700000,0x000000dbe0800000) (1024K)]
  0x00000221483d8840 JavaThread "pool-1-thread-1"                   [_thread_blocked, id=86316, stack(0x000000dbe0800000,0x000000dbe0900000) (1024K)]
  0x00000221483d9560 JavaThread "ForkJoinPool.commonPool-worker-3" daemon [_thread_blocked, id=68244, stack(0x000000dbded00000,0x000000dbdee00000) (1024K)]
  0x00000221483d60e0 JavaThread "ForkJoinPool.commonPool-worker-4" daemon [_thread_blocked, id=120236, stack(0x000000dbe0a00000,0x000000dbe0b00000) (1024K)]
  0x00000221483db630 JavaThread "ForkJoinPool.commonPool-worker-7" daemon [_thread_blocked, id=28768, stack(0x000000dbe0d00000,0x000000dbe0e00000) (1024K)]
  0x00000221483da280 JavaThread "ForkJoinPool.commonPool-worker-8" daemon [_thread_blocked, id=119312, stack(0x000000dbe0e00000,0x000000dbe0f00000) (1024K)]
  0x00000221483dbcc0 JavaThread "ForkJoinPool.commonPool-worker-10" daemon [_thread_blocked, id=86696, stack(0x000000dbe1000000,0x000000dbe1100000) (1024K)]
  0x00000221483dafa0 JavaThread "ForkJoinPool.commonPool-worker-11" daemon [_thread_blocked, id=115032, stack(0x000000dbe1100000,0x000000dbe1200000) (1024K)]
  0x0000022146ac0030 JavaThread "ForkJoinPool.commonPool-worker-12" daemon [_thread_blocked, id=64524, stack(0x000000dbe1200000,0x000000dbe1300000) (1024K)]
  0x0000022146ac2e20 JavaThread "ForkJoinPool.commonPool-worker-13" daemon [_thread_blocked, id=55112, stack(0x000000dbe1300000,0x000000dbe1400000) (1024K)]
  0x0000022146ac3b40 JavaThread "Timer-0"                           [_thread_blocked, id=71828, stack(0x000000dbdd200000,0x000000dbdd300000) (1024K)]
Total: 51

Other Threads:
  0x0000022179ae4ba0 VMThread "VM Thread"                           [id=121860, stack(0x000000dbdc800000,0x000000dbdc900000) (1024K)]
  0x0000022161bfbb20 WatcherThread "VM Periodic Task Thread"        [id=52580, stack(0x000000dbdc700000,0x000000dbdc800000) (1024K)]
  0x0000022161d95f50 WorkerThread "GC Thread#0"                     [id=90240, stack(0x000000dbdc600000,0x000000dbdc700000) (1024K)]
  0x00000221456a4350 WorkerThread "GC Thread#1"                     [id=69412, stack(0x000000dbdd700000,0x000000dbdd800000) (1024K)]
  0x00000221456fefb0 WorkerThread "GC Thread#2"                     [id=58856, stack(0x000000dbdd800000,0x000000dbdd900000) (1024K)]
  0x00000221456a9ba0 WorkerThread "GC Thread#3"                     [id=22788, stack(0x000000dbdd900000,0x000000dbdda00000) (1024K)]
  0x00000221456a9f40 WorkerThread "GC Thread#4"                     [id=9752, stack(0x000000dbdda00000,0x000000dbddb00000) (1024K)]
  0x00000221455490c0 WorkerThread "GC Thread#5"                     [id=32796, stack(0x000000dbddb00000,0x000000dbddc00000) (1024K)]
  0x0000022145549460 WorkerThread "GC Thread#6"                     [id=27180, stack(0x000000dbddc00000,0x000000dbddd00000) (1024K)]
  0x0000022145a5b690 WorkerThread "GC Thread#7"                     [id=44932, stack(0x000000dbdde00000,0x000000dbddf00000) (1024K)]
  0x0000022145e591e0 WorkerThread "GC Thread#8"                     [id=102744, stack(0x000000dbde200000,0x000000dbde300000) (1024K)]
  0x0000022145d60700 WorkerThread "GC Thread#9"                     [id=114916, stack(0x000000dbde300000,0x000000dbde400000) (1024K)]
  0x0000022145d60360 WorkerThread "GC Thread#10"                    [id=42848, stack(0x000000dbde400000,0x000000dbde500000) (1024K)]
  0x0000022145d5f880 WorkerThread "GC Thread#11"                    [id=101524, stack(0x000000dbde800000,0x000000dbde900000) (1024K)]
  0x0000022145d60aa0 WorkerThread "GC Thread#12"                    [id=8928, stack(0x000000dbde900000,0x000000dbdea00000) (1024K)]
Total: 15

Threads with active compile tasks:
Total: 0

VM state: not at safepoint (normal execution)

VM Mutex/Monitor currently owned by a thread: None

Heap address: 0x0000000080000000, size: 2048 MB, Compressed Oops mode: 32-bit

CDS archive(s) mapped at: [0x0000022100000000-0x0000022100ba0000-0x0000022100ba0000), size 12189696, SharedBaseAddress: 0x0000022100000000, ArchiveRelocationMode: 1.
Compressed class space mapped at: 0x0000022101000000-0x0000022141000000, reserved size: 1073741824
Narrow klass base: 0x0000022100000000, Narrow klass shift: 0, Narrow klass range: 0x100000000

GC Precious Log:
 CardTable entry size: 512
 CPUs: 16 total, 16 available
 Memory: 16055M
 Large Page Support: Disabled
 NUMA Support: Disabled
 Compressed Oops: Enabled (32-bit)
 Alignments: Space 512K, Generation 512K, Heap 2M
 Heap Min Capacity: 100M
 Heap Initial Capacity: 100M
 Heap Max Capacity: 2G
 Pre-touch: Disabled
 Parallel Workers: 13

Heap:
 PSYoungGen      total 3584K, used 2445K [0x00000000d5580000, 0x00000000d5a00000, 0x0000000100000000)
  eden space 3072K, 64% used [0x00000000d5580000,0x00000000d5771900,0x00000000d5880000)
  from space 512K, 88% used [0x00000000d5980000,0x00000000d59f1b00,0x00000000d5a00000)
  to   space 512K, 0% used [0x00000000d5900000,0x00000000d5900000,0x00000000d5980000)
 ParOldGen       total 207360K, used 206916K [0x0000000080000000, 0x000000008ca80000, 0x00000000d5580000)
  object space 207360K, 99% used [0x0000000080000000,0x000000008ca111e0,0x000000008ca80000)
 Metaspace       used 67095K, committed 68544K, reserved 1114112K
  class space    used 7717K, committed 8320K, reserved 1048576K

Card table byte_map: [0x0000022161710000,0x0000022161b20000] _byte_map_base: 0x0000022161310000

Marking Bits: (ParMarkBitMap*) 0x00007fff1268a340
 Begin Bits: [0x0000022174210000, 0x0000022176210000)
 End Bits:   [0x0000022176210000, 0x0000022178210000)

Polling page: 0x000002215fb00000

Metaspace:

Usage:
  Non-class:     57.99 MB used.
      Class:      7.54 MB used.
       Both:     65.52 MB used.

Virtual space:
  Non-class space:       64.00 MB reserved,      58.81 MB ( 92%) committed,  1 nodes.
      Class space:        1.00 GB reserved,       8.12 MB ( <1%) committed,  1 nodes.
             Both:        1.06 GB reserved,      66.94 MB (  6%) committed. 

Chunk freelists:
   Non-Class:  5.06 MB
       Class:  7.75 MB
        Both:  12.81 MB

MaxMetaspaceSize: unlimited
CompressedClassSpaceSize: 1.00 GB
Initial GC threshold: 21.00 MB
Current GC threshold: 97.31 MB
CDS: on
 - commit_granule_bytes: 65536.
 - commit_granule_words: 8192.
 - virtual_space_node_default_size: 8388608.
 - enlarge_chunks_in_place: 1.
 - use_allocation_guard: 0.


Internal statistics:

num_allocs_failed_limit: 9.
num_arena_births: 1172.
num_arena_deaths: 26.
num_vsnodes_births: 2.
num_vsnodes_deaths: 0.
num_space_committed: 1071.
num_space_uncommitted: 0.
num_chunks_returned_to_freelist: 39.
num_chunks_taken_from_freelist: 3992.
num_chunk_merges: 11.
num_chunk_splits: 2521.
num_chunks_enlarged: 1557.
num_inconsistent_stats: 0.

CodeHeap 'non-profiled nmethods': size=119168Kb used=9206Kb max_used=9206Kb free=109961Kb
 bounds [0x000002216cb00000, 0x000002216d400000, 0x0000022173f60000]
CodeHeap 'profiled nmethods': size=119104Kb used=23161Kb max_used=23161Kb free=95942Kb
 bounds [0x0000022164f60000, 0x0000022166600000, 0x000002216c3b0000]
CodeHeap 'non-nmethods': size=7488Kb used=1444Kb max_used=3203Kb free=6043Kb
 bounds [0x000002216c3b0000, 0x000002216c6e0000, 0x000002216cb00000]
CodeCache: size=245760Kb, used=33811Kb, max_used=35570Kb, free=211946Kb
 total_blobs=11767, nmethods=11021, adapters=651, full_count=0
Compilation: enabled, stopped_count=0, restarted_count=0

Compilation events (20 events):
Event: 417.908 Thread 0x0000022149c4e5f0 nmethod 11813 0x00000221665f1f10 code [0x00000221665f2160, 0x00000221665f2910]
Event: 417.908 Thread 0x0000022149c4e5f0 11798       3       org.eclipse.core.internal.preferences.legacy.PreferenceForwarder::getDefaultPreferences (16 bytes)
Event: 417.908 Thread 0x0000022149c4d850 nmethod 11812 0x00000221665f2d10 code [0x00000221665f2fa0, 0x00000221665f3b68]
Event: 417.908 Thread 0x0000022149c4d850 11799       3       org.eclipse.core.internal.preferences.DefaultPreferences::node (8 bytes)
Event: 417.908 Thread 0x0000022149c4d850 nmethod 11799 0x00000221665f4010 code [0x00000221665f41c0, 0x00000221665f4390]
Event: 417.908 Thread 0x0000022149c4d850 11815       3       org.eclipse.core.internal.events.BuildManager::hookEndBuild (56 bytes)
Event: 417.908 Thread 0x0000022149c4e5f0 nmethod 11798 0x00000221665f4490 code [0x00000221665f4640, 0x00000221665f4898]
Event: 417.908 Thread 0x0000022179b10200 nmethod 11797 0x00000221665f4990 code [0x00000221665f4ba0, 0x00000221665f5218]
Event: 417.908 Thread 0x0000022149c4e5f0 11816       3       org.eclipse.core.internal.events.ResourceDelta::checkForMarkerDeltas (95 bytes)
Event: 417.909 Thread 0x0000022149c4d850 nmethod 11815 0x00000221665f5490 code [0x00000221665f56a0, 0x00000221665f5af0]
Event: 417.909 Thread 0x0000022149c4e5f0 nmethod 11816 0x00000221665f5c90 code [0x00000221665f5ea0, 0x00000221665f6590]
Event: 417.912 Thread 0x0000022149c4df20 nmethod 11806 0x00000221665f6810 code [0x00000221665f7040, 0x00000221665fbd40]
Event: 417.914 Thread 0x0000022161e2d730 nmethod 11787 0x000002216d3f3310 code [0x000002216d3f3660, 0x000002216d3f5260]
Event: 417.914 Thread 0x0000022161e2d730 11796       4       org.eclipse.core.internal.resources.ResourceInfo::isSet (14 bytes)
Event: 417.915 Thread 0x0000022161e2d730 nmethod 11796 0x000002216d3f6290 code [0x000002216d3f6420, 0x000002216d3f64c0]
Event: 417.915 Thread 0x0000022161e2d730 11789       4       jdk.internal.jrtfs.JrtPath::getResolvedPath (39 bytes)
Event: 417.919 Thread 0x0000022161e2d730 nmethod 11789 0x000002216d3f6590 code [0x000002216d3f6760, 0x000002216d3f6af8]
Event: 417.919 Thread 0x0000022161e2d730 11788       4       org.eclipse.jdt.internal.compiler.util.JRTUtil::sanitizedFileName (49 bytes)
Event: 417.946 Thread 0x0000022161e2d730 nmethod 11788 0x000002216d3f6e10 code [0x000002216d3f70a0, 0x000002216d3f8090]
Event: 417.973 Thread 0x0000022149c4cab0 nmethod 11790 0x000002216d3f8a90 code [0x000002216d3f8f20, 0x000002216d3fbc18]

GC Heap History (20 events):
Event: 58.651 GC heap before
{Heap before GC invocations=514 (full 3):
 PSYoungGen      total 3584K, used 3264K [0x00000000d5580000, 0x00000000d5a00000, 0x0000000100000000)
  eden space 3072K, 100% used [0x00000000d5580000,0x00000000d5880000,0x00000000d5880000)
  from space 512K, 37% used [0x00000000d5980000,0x00000000d59b0000,0x00000000d5a00000)
  to   space 512K, 0% used [0x00000000d5900000,0x00000000d5900000,0x00000000d5980000)
 ParOldGen       total 206336K, used 205471K [0x0000000080000000, 0x000000008c980000, 0x00000000d5580000)
  object space 206336K, 99% used [0x0000000080000000,0x000000008c8a7d70,0x000000008c980000)
 Metaspace       used 65972K, committed 67520K, reserved 1114112K
  class space    used 7590K, committed 8256K, reserved 1048576K
}
Event: 58.654 GC heap after
{Heap after GC invocations=514 (full 3):
 PSYoungGen      total 3584K, used 256K [0x00000000d5580000, 0x00000000d5a00000, 0x0000000100000000)
  eden space 3072K, 0% used [0x00000000d5580000,0x00000000d5580000,0x00000000d5880000)
  from space 512K, 50% used [0x00000000d5900000,0x00000000d5940000,0x00000000d5980000)
  to   space 512K, 0% used [0x00000000d5980000,0x00000000d5980000,0x00000000d5a00000)
 ParOldGen       total 206336K, used 205557K [0x0000000080000000, 0x000000008c980000, 0x00000000d5580000)
  object space 206336K, 99% used [0x0000000080000000,0x000000008c8bd7b0,0x000000008c980000)
 Metaspace       used 65972K, committed 67520K, reserved 1114112K
  class space    used 7590K, committed 8256K, reserved 1048576K
}
Event: 58.981 GC heap before
{Heap before GC invocations=515 (full 3):
 PSYoungGen      total 3584K, used 3326K [0x00000000d5580000, 0x00000000d5a00000, 0x0000000100000000)
  eden space 3072K, 99% used [0x00000000d5580000,0x00000000d587f8b8,0x00000000d5880000)
  from space 512K, 50% used [0x00000000d5900000,0x00000000d5940000,0x00000000d5980000)
  to   space 512K, 0% used [0x00000000d5980000,0x00000000d5980000,0x00000000d5a00000)
 ParOldGen       total 206336K, used 205557K [0x0000000080000000, 0x000000008c980000, 0x00000000d5580000)
  object space 206336K, 99% used [0x0000000080000000,0x000000008c8bd7b0,0x000000008c980000)
 Metaspace       used 65995K, committed 67520K, reserved 1114112K
  class space    used 7590K, committed 8256K, reserved 1048576K
}
Event: 58.984 GC heap after
{Heap after GC invocations=515 (full 3):
 PSYoungGen      total 3584K, used 288K [0x00000000d5580000, 0x00000000d5a00000, 0x0000000100000000)
  eden space 3072K, 0% used [0x00000000d5580000,0x00000000d5580000,0x00000000d5880000)
  from space 512K, 56% used [0x00000000d5980000,0x00000000d59c8000,0x00000000d5a00000)
  to   space 512K, 0% used [0x00000000d5900000,0x00000000d5900000,0x00000000d5980000)
 ParOldGen       total 206336K, used 205696K [0x0000000080000000, 0x000000008c980000, 0x00000000d5580000)
  object space 206336K, 99% used [0x0000000080000000,0x000000008c8e00b0,0x000000008c980000)
 Metaspace       used 65995K, committed 67520K, reserved 1114112K
  class space    used 7590K, committed 8256K, reserved 1048576K
}
Event: 59.120 GC heap before
{Heap before GC invocations=516 (full 3):
 PSYoungGen      total 3584K, used 3360K [0x00000000d5580000, 0x00000000d5a00000, 0x0000000100000000)
  eden space 3072K, 100% used [0x00000000d5580000,0x00000000d5880000,0x00000000d5880000)
  from space 512K, 56% used [0x00000000d5980000,0x00000000d59c8000,0x00000000d5a00000)
  to   space 512K, 0% used [0x00000000d5900000,0x00000000d5900000,0x00000000d5980000)
 ParOldGen       total 206336K, used 205696K [0x0000000080000000, 0x000000008c980000, 0x00000000d5580000)
  object space 206336K, 99% used [0x0000000080000000,0x000000008c8e00b0,0x000000008c980000)
 Metaspace       used 65997K, committed 67520K, reserved 1114112K
  class space    used 7590K, committed 8256K, reserved 1048576K
}
Event: 59.124 GC heap after
{Heap after GC invocations=516 (full 3):
 PSYoungGen      total 3584K, used 512K [0x00000000d5580000, 0x00000000d5a80000, 0x0000000100000000)
  eden space 3072K, 0% used [0x00000000d5580000,0x00000000d5580000,0x00000000d5880000)
  from space 512K, 100% used [0x00000000d5900000,0x00000000d5980000,0x00000000d5980000)
  to   space 1024K, 0% used [0x00000000d5980000,0x00000000d5980000,0x00000000d5a80000)
 ParOldGen       total 206336K, used 205837K [0x0000000080000000, 0x000000008c980000, 0x00000000d5580000)
  object space 206336K, 99% used [0x0000000080000000,0x000000008c903530,0x000000008c980000)
 Metaspace       used 65997K, committed 67520K, reserved 1114112K
  class space    used 7590K, committed 8256K, reserved 1048576K
}
Event: 59.233 GC heap before
{Heap before GC invocations=517 (full 3):
 PSYoungGen      total 3584K, used 3584K [0x00000000d5580000, 0x00000000d5a80000, 0x0000000100000000)
  eden space 3072K, 100% used [0x00000000d5580000,0x00000000d5880000,0x00000000d5880000)
  from space 512K, 100% used [0x00000000d5900000,0x00000000d5980000,0x00000000d5980000)
  to   space 1024K, 0% used [0x00000000d5980000,0x00000000d5980000,0x00000000d5a80000)
 ParOldGen       total 206336K, used 205837K [0x0000000080000000, 0x000000008c980000, 0x00000000d5580000)
  object space 206336K, 99% used [0x0000000080000000,0x000000008c903530,0x000000008c980000)
 Metaspace       used 66027K, committed 67520K, reserved 1114112K
  class space    used 7591K, committed 8256K, reserved 1048576K
}
Event: 59.237 GC heap after
{Heap after GC invocations=517 (full 3):
 PSYoungGen      total 3584K, used 416K [0x00000000d5580000, 0x00000000d5a00000, 0x0000000100000000)
  eden space 3072K, 0% used [0x00000000d5580000,0x00000000d5580000,0x00000000d5880000)
  from space 512K, 81% used [0x00000000d5980000,0x00000000d59e8000,0x00000000d5a00000)
  to   space 512K, 0% used [0x00000000d5900000,0x00000000d5900000,0x00000000d5980000)
 ParOldGen       total 206336K, used 205978K [0x0000000080000000, 0x000000008c980000, 0x00000000d5580000)
  object space 206336K, 99% used [0x0000000080000000,0x000000008c9269b0,0x000000008c980000)
 Metaspace       used 66027K, committed 67520K, reserved 1114112K
  class space    used 7591K, committed 8256K, reserved 1048576K
}
Event: 59.330 GC heap before
{Heap before GC invocations=518 (full 3):
 PSYoungGen      total 3584K, used 3488K [0x00000000d5580000, 0x00000000d5a00000, 0x0000000100000000)
  eden space 3072K, 100% used [0x00000000d5580000,0x00000000d5880000,0x00000000d5880000)
  from space 512K, 81% used [0x00000000d5980000,0x00000000d59e8000,0x00000000d5a00000)
  to   space 512K, 0% used [0x00000000d5900000,0x00000000d5900000,0x00000000d5980000)
 ParOldGen       total 206336K, used 205978K [0x0000000080000000, 0x000000008c980000, 0x00000000d5580000)
  object space 206336K, 99% used [0x0000000080000000,0x000000008c9269b0,0x000000008c980000)
 Metaspace       used 66041K, committed 67520K, reserved 1114112K
  class space    used 7591K, committed 8256K, reserved 1048576K
}
Event: 59.334 GC heap after
{Heap after GC invocations=518 (full 3):
 PSYoungGen      total 3584K, used 288K [0x00000000d5580000, 0x00000000d5a00000, 0x0000000100000000)
  eden space 3072K, 0% used [0x00000000d5580000,0x00000000d5580000,0x00000000d5880000)
  from space 512K, 56% used [0x00000000d5900000,0x00000000d5948000,0x00000000d5980000)
  to   space 512K, 0% used [0x00000000d5980000,0x00000000d5980000,0x00000000d5a00000)
 ParOldGen       total 206336K, used 206158K [0x0000000080000000, 0x000000008c980000, 0x00000000d5580000)
  object space 206336K, 99% used [0x0000000080000000,0x000000008c953870,0x000000008c980000)
 Metaspace       used 66041K, committed 67520K, reserved 1114112K
  class space    used 7591K, committed 8256K, reserved 1048576K
}
Event: 59.440 GC heap before
{Heap before GC invocations=519 (full 3):
 PSYoungGen      total 3584K, used 3360K [0x00000000d5580000, 0x00000000d5a00000, 0x0000000100000000)
  eden space 3072K, 100% used [0x00000000d5580000,0x00000000d5880000,0x00000000d5880000)
  from space 512K, 56% used [0x00000000d5900000,0x00000000d5948000,0x00000000d5980000)
  to   space 512K, 0% used [0x00000000d5980000,0x00000000d5980000,0x00000000d5a00000)
 ParOldGen       total 206336K, used 206158K [0x0000000080000000, 0x000000008c980000, 0x00000000d5580000)
  object space 206336K, 99% used [0x0000000080000000,0x000000008c953870,0x000000008c980000)
 Metaspace       used 66053K, committed 67520K, reserved 1114112K
  class space    used 7591K, committed 8256K, reserved 1048576K
}
Event: 59.444 GC heap after
{Heap after GC invocations=519 (full 3):
 PSYoungGen      total 3584K, used 384K [0x00000000d5580000, 0x00000000d5a00000, 0x0000000100000000)
  eden space 3072K, 0% used [0x00000000d5580000,0x00000000d5580000,0x00000000d5880000)
  from space 512K, 75% used [0x00000000d5980000,0x00000000d59e0000,0x00000000d5a00000)
  to   space 512K, 0% used [0x00000000d5900000,0x00000000d5900000,0x00000000d5980000)
 ParOldGen       total 206336K, used 206257K [0x0000000080000000, 0x000000008c980000, 0x00000000d5580000)
  object space 206336K, 99% used [0x0000000080000000,0x000000008c96c730,0x000000008c980000)
 Metaspace       used 66053K, committed 67520K, reserved 1114112K
  class space    used 7591K, committed 8256K, reserved 1048576K
}
Event: 59.627 GC heap before
{Heap before GC invocations=520 (full 3):
 PSYoungGen      total 3584K, used 3455K [0x00000000d5580000, 0x00000000d5a00000, 0x0000000100000000)
  eden space 3072K, 99% used [0x00000000d5580000,0x00000000d587fe70,0x00000000d5880000)
  from space 512K, 75% used [0x00000000d5980000,0x00000000d59e0000,0x00000000d5a00000)
  to   space 512K, 0% used [0x00000000d5900000,0x00000000d5900000,0x00000000d5980000)
 ParOldGen       total 206336K, used 206257K [0x0000000080000000, 0x000000008c980000, 0x00000000d5580000)
  object space 206336K, 99% used [0x0000000080000000,0x000000008c96c730,0x000000008c980000)
 Metaspace       used 66116K, committed 67648K, reserved 1114112K
  class space    used 7601K, committed 8256K, reserved 1048576K
}
Event: 59.631 GC heap after
{Heap after GC invocations=520 (full 3):
 PSYoungGen      total 3584K, used 352K [0x00000000d5580000, 0x00000000d5a00000, 0x0000000100000000)
  eden space 3072K, 0% used [0x00000000d5580000,0x00000000d5580000,0x00000000d5880000)
  from space 512K, 68% used [0x00000000d5900000,0x00000000d5958000,0x00000000d5980000)
  to   space 512K, 0% used [0x00000000d5980000,0x00000000d5980000,0x00000000d5a00000)
 ParOldGen       total 206848K, used 206380K [0x0000000080000000, 0x000000008ca00000, 0x00000000d5580000)
  object space 206848K, 99% used [0x0000000080000000,0x000000008c98b030,0x000000008ca00000)
 Metaspace       used 66116K, committed 67648K, reserved 1114112K
  class space    used 7601K, committed 8256K, reserved 1048576K
}
Event: 64.338 GC heap before
{Heap before GC invocations=521 (full 3):
 PSYoungGen      total 3584K, used 3424K [0x00000000d5580000, 0x00000000d5a00000, 0x0000000100000000)
  eden space 3072K, 100% used [0x00000000d5580000,0x00000000d5880000,0x00000000d5880000)
  from space 512K, 68% used [0x00000000d5900000,0x00000000d5958000,0x00000000d5980000)
  to   space 512K, 0% used [0x00000000d5980000,0x00000000d5980000,0x00000000d5a00000)
 ParOldGen       total 206848K, used 206380K [0x0000000080000000, 0x000000008ca00000, 0x00000000d5580000)
  object space 206848K, 99% used [0x0000000080000000,0x000000008c98b030,0x000000008ca00000)
 Metaspace       used 66355K, committed 67904K, reserved 1114112K
  class space    used 7628K, committed 8320K, reserved 1048576K
}
Event: 64.342 GC heap after
{Heap after GC invocations=521 (full 3):
 PSYoungGen      total 3584K, used 384K [0x00000000d5580000, 0x00000000d5a00000, 0x0000000100000000)
  eden space 3072K, 0% used [0x00000000d5580000,0x00000000d5580000,0x00000000d5880000)
  from space 512K, 75% used [0x00000000d5980000,0x00000000d59e0000,0x00000000d5a00000)
  to   space 512K, 0% used [0x00000000d5900000,0x00000000d5900000,0x00000000d5980000)
 ParOldGen       total 206848K, used 206500K [0x0000000080000000, 0x000000008ca00000, 0x00000000d5580000)
  object space 206848K, 99% used [0x0000000080000000,0x000000008c9a9030,0x000000008ca00000)
 Metaspace       used 66355K, committed 67904K, reserved 1114112K
  class space    used 7628K, committed 8320K, reserved 1048576K
}
Event: 417.348 GC heap before
{Heap before GC invocations=522 (full 3):
 PSYoungGen      total 3584K, used 3455K [0x00000000d5580000, 0x00000000d5a00000, 0x0000000100000000)
  eden space 3072K, 99% used [0x00000000d5580000,0x00000000d587ffc8,0x00000000d5880000)
  from space 512K, 75% used [0x00000000d5980000,0x00000000d59e0000,0x00000000d5a00000)
  to   space 512K, 0% used [0x00000000d5900000,0x00000000d5900000,0x00000000d5980000)
 ParOldGen       total 206848K, used 206500K [0x0000000080000000, 0x000000008ca00000, 0x00000000d5580000)
  object space 206848K, 99% used [0x0000000080000000,0x000000008c9a9030,0x000000008ca00000)
 Metaspace       used 66656K, committed 68160K, reserved 1114112K
  class space    used 7677K, committed 8320K, reserved 1048576K
}
Event: 417.390 GC heap after
{Heap after GC invocations=522 (full 3):
 PSYoungGen      total 3584K, used 480K [0x00000000d5580000, 0x00000000d5a00000, 0x0000000100000000)
  eden space 3072K, 0% used [0x00000000d5580000,0x00000000d5580000,0x00000000d5880000)
  from space 512K, 93% used [0x00000000d5900000,0x00000000d5978000,0x00000000d5980000)
  to   space 512K, 0% used [0x00000000d5980000,0x00000000d5980000,0x00000000d5a00000)
 ParOldGen       total 206848K, used 206628K [0x0000000080000000, 0x000000008ca00000, 0x00000000d5580000)
  object space 206848K, 99% used [0x0000000080000000,0x000000008c9c91e0,0x000000008ca00000)
 Metaspace       used 66656K, committed 68160K, reserved 1114112K
  class space    used 7677K, committed 8320K, reserved 1048576K
}
Event: 417.857 GC heap before
{Heap before GC invocations=523 (full 3):
 PSYoungGen      total 3584K, used 3551K [0x00000000d5580000, 0x00000000d5a00000, 0x0000000100000000)
  eden space 3072K, 99% used [0x00000000d5580000,0x00000000d587fff0,0x00000000d5880000)
  from space 512K, 93% used [0x00000000d5900000,0x00000000d5978000,0x00000000d5980000)
  to   space 512K, 0% used [0x00000000d5980000,0x00000000d5980000,0x00000000d5a00000)
 ParOldGen       total 206848K, used 206628K [0x0000000080000000, 0x000000008ca00000, 0x00000000d5580000)
  object space 206848K, 99% used [0x0000000080000000,0x000000008c9c91e0,0x000000008ca00000)
 Metaspace       used 66853K, committed 68352K, reserved 1114112K
  class space    used 7698K, committed 8320K, reserved 1048576K
}
Event: 417.859 GC heap after
{Heap after GC invocations=523 (full 3):
 PSYoungGen      total 3584K, used 454K [0x00000000d5580000, 0x00000000d5a00000, 0x0000000100000000)
  eden space 3072K, 0% used [0x00000000d5580000,0x00000000d5580000,0x00000000d5880000)
  from space 512K, 88% used [0x00000000d5980000,0x00000000d59f1b00,0x00000000d5a00000)
  to   space 512K, 0% used [0x00000000d5900000,0x00000000d5900000,0x00000000d5980000)
 ParOldGen       total 207360K, used 206916K [0x0000000080000000, 0x000000008ca80000, 0x00000000d5580000)
  object space 207360K, 99% used [0x0000000080000000,0x000000008ca111e0,0x000000008ca80000)
 Metaspace       used 66853K, committed 68352K, reserved 1114112K
  class space    used 7698K, committed 8320K, reserved 1048576K
}

Dll operation events (15 events):
Event: 0.020 Loaded shared library c:\Users\mhnhp\.cursor\extensions\redhat.java-1.47.0-win32-x64\jre\21.0.8-win32-x86_64\bin\java.dll
Event: 0.102 Loaded shared library c:\Users\mhnhp\.cursor\extensions\redhat.java-1.47.0-win32-x64\jre\21.0.8-win32-x86_64\bin\zip.dll
Event: 0.134 Loaded shared library C:\Users\mhnhp\.cursor\extensions\redhat.java-1.47.0-win32-x64\jre\21.0.8-win32-x86_64\bin\instrument.dll
Event: 0.140 Loaded shared library C:\Users\mhnhp\.cursor\extensions\redhat.java-1.47.0-win32-x64\jre\21.0.8-win32-x86_64\bin\net.dll
Event: 0.142 Loaded shared library C:\Users\mhnhp\.cursor\extensions\redhat.java-1.47.0-win32-x64\jre\21.0.8-win32-x86_64\bin\nio.dll
Event: 0.146 Loaded shared library C:\Users\mhnhp\.cursor\extensions\redhat.java-1.47.0-win32-x64\jre\21.0.8-win32-x86_64\bin\zip.dll
Event: 0.168 Loaded shared library C:\Users\mhnhp\.cursor\extensions\redhat.java-1.47.0-win32-x64\jre\21.0.8-win32-x86_64\bin\jimage.dll
Event: 0.256 Loaded shared library c:\Users\mhnhp\.cursor\extensions\redhat.java-1.47.0-win32-x64\jre\21.0.8-win32-x86_64\bin\verify.dll
Event: 1.501 Loaded shared library C:\Users\mhnhp\AppData\Roaming\Cursor\User\globalStorage\redhat.java\1.47.0\config_win\org.eclipse.equinox.launcher\org.eclipse.equinox.launcher.win32.win32.x86_64_1.2.1400.v20250801-0854\eclipse_11916.dll
Event: 3.394 Loaded shared library C:\Users\mhnhp\AppData\Local\Temp\jna-2987064\jna6201634398116463949.dll
Event: 6.282 Loaded shared library C:\Users\mhnhp\.cursor\extensions\redhat.java-1.47.0-win32-x64\jre\21.0.8-win32-x86_64\bin\sunmscapi.dll
Event: 6.772 Loaded shared library C:\Users\mhnhp\.cursor\extensions\redhat.java-1.47.0-win32-x64\jre\21.0.8-win32-x86_64\bin\extnet.dll
Event: 23.540 Loaded shared library C:\Users\mhnhp\.gradle\native\c067742578af261105cb4f569cf0c3c89f3d7b1fecec35dd04571415982c5e48\windows-amd64\native-platform.dll
Event: 29.306 Loaded shared library C:\Users\mhnhp\.cursor\extensions\redhat.java-1.47.0-win32-x64\jre\21.0.8-win32-x86_64\bin\management.dll
Event: 29.317 Loaded shared library C:\Users\mhnhp\.cursor\extensions\redhat.java-1.47.0-win32-x64\jre\21.0.8-win32-x86_64\bin\management_ext.dll

Deoptimization events (20 events):
Event: 417.876 Thread 0x0000022146785e20 Uncommon trap: trap_request=0xffffffc6 fr.pc=0x000002216d1e3188 relative=0x0000000000005528
Event: 417.876 Thread 0x0000022146785e20 Uncommon trap: reason=bimorphic_or_optimized_type_check action=maybe_recompile pc=0x000002216d1e3188 method=org.eclipse.jdt.internal.compiler.util.JrtFileSystem$2.preVisitDirectory(Ljava/nio/file/Path;Ljava/nio/file/attribute/BasicFileAttributes;)Ljava/ni
Event: 417.876 Thread 0x0000022146785e20 DEOPT PACKING pc=0x000002216d1e3188 sp=0x000000dbdecfe280
Event: 417.876 Thread 0x0000022146785e20 DEOPT UNPACKING pc=0x000002216c403aa2 sp=0x000000dbdecfe258 mode 2
Event: 417.877 Thread 0x0000022146785e20 Uncommon trap: trap_request=0xffffffc6 fr.pc=0x000002216d1e3188 relative=0x0000000000005528
Event: 417.877 Thread 0x0000022146785e20 Uncommon trap: reason=bimorphic_or_optimized_type_check action=maybe_recompile pc=0x000002216d1e3188 method=org.eclipse.jdt.internal.compiler.util.JrtFileSystem$2.preVisitDirectory(Ljava/nio/file/Path;Ljava/nio/file/attribute/BasicFileAttributes;)Ljava/ni
Event: 417.877 Thread 0x0000022146785e20 DEOPT PACKING pc=0x000002216d1e3188 sp=0x000000dbdecfe280
Event: 417.877 Thread 0x0000022146785e20 DEOPT UNPACKING pc=0x000002216c403aa2 sp=0x000000dbdecfe258 mode 2
Event: 417.882 Thread 0x0000022146785e20 Uncommon trap: trap_request=0xffffff45 fr.pc=0x000002216d145270 relative=0x0000000000003350
Event: 417.882 Thread 0x0000022146785e20 Uncommon trap: reason=unstable_if action=reinterpret pc=0x000002216d145270 method=org.eclipse.jdt.internal.core.JavaModelManager.getOption(Ljava/lang/String;ZLorg/eclipse/core/runtime/preferences/IEclipsePreferences;)Ljava/lang/String; @ 29 c2
Event: 417.882 Thread 0x0000022146785e20 DEOPT PACKING pc=0x000002216d145270 sp=0x000000dbdecfe740
Event: 417.882 Thread 0x0000022146785e20 DEOPT UNPACKING pc=0x000002216c403aa2 sp=0x000000dbdecfe760 mode 2
Event: 417.887 Thread 0x0000022146785e20 Uncommon trap: trap_request=0xffffffc6 fr.pc=0x000002216cd78154 relative=0x0000000000002a54
Event: 417.887 Thread 0x0000022146785e20 Uncommon trap: reason=bimorphic_or_optimized_type_check action=maybe_recompile pc=0x000002216cd78154 method=java.util.zip.InflaterInputStream.read([BII)I @ 78 c2
Event: 417.887 Thread 0x0000022146785e20 DEOPT PACKING pc=0x000002216cd78154 sp=0x000000dbdecfe550
Event: 417.887 Thread 0x0000022146785e20 DEOPT UNPACKING pc=0x000002216c403aa2 sp=0x000000dbdecfe5b0 mode 2
Event: 417.895 Thread 0x0000022146785e20 Uncommon trap: trap_request=0xffffff45 fr.pc=0x000002216d0d3ff0 relative=0x0000000000000e10
Event: 417.895 Thread 0x0000022146785e20 Uncommon trap: reason=unstable_if action=reinterpret pc=0x000002216d0d3ff0 method=org.eclipse.core.runtime.Path.toString()Ljava/lang/String; @ 6 c2
Event: 417.895 Thread 0x0000022146785e20 DEOPT PACKING pc=0x000002216d0d3ff0 sp=0x000000dbdecfe590
Event: 417.895 Thread 0x0000022146785e20 DEOPT UNPACKING pc=0x000002216c403aa2 sp=0x000000dbdecfe558 mode 2

Classes loaded (20 events):
Event: 45.159 Loading class java/util/stream/DistinctOps$1$2
Event: 45.159 Loading class java/util/stream/DistinctOps$1$2 done
Event: 46.722 Loading class java/util/HashMap$EntrySpliterator
Event: 46.722 Loading class java/util/HashMap$EntrySpliterator done
Event: 59.491 Loading class java/util/stream/ReduceOps$5
Event: 59.491 Loading class java/util/stream/ReduceOps$5 done
Event: 59.491 Loading class java/util/stream/ReduceOps$CountingSink$OfRef
Event: 59.492 Loading class java/util/stream/ReduceOps$CountingSink
Event: 59.492 Loading class java/util/stream/ReduceOps$CountingSink done
Event: 59.492 Loading class java/util/stream/ReduceOps$CountingSink$OfRef done
Event: 64.239 Loading class java/util/stream/ReduceOps$1
Event: 64.239 Loading class java/util/stream/ReduceOps$1 done
Event: 64.239 Loading class java/util/stream/ReduceOps$1ReducingSink
Event: 64.240 Loading class java/util/stream/ReduceOps$1ReducingSink done
Event: 64.343 Loading class java/nio/charset/CharacterCodingException
Event: 64.343 Loading class java/nio/charset/CharacterCodingException done
Event: 64.343 Loading class java/io/SequenceInputStream
Event: 64.343 Loading class java/io/SequenceInputStream done
Event: 417.579 Loading class java/util/WeakHashMap$KeyIterator
Event: 417.581 Loading class java/util/WeakHashMap$KeyIterator done

Classes unloaded (13 events):
Event: 4.965 Thread 0x0000022179ae4ba0 Unloading class 0x00000221011a7400 'java/lang/invoke/LambdaForm$MH+0x00000221011a7400'
Event: 4.965 Thread 0x0000022179ae4ba0 Unloading class 0x00000221011a7000 'java/lang/invoke/LambdaForm$MH+0x00000221011a7000'
Event: 4.965 Thread 0x0000022179ae4ba0 Unloading class 0x00000221011a6c00 'java/lang/invoke/LambdaForm$MH+0x00000221011a6c00'
Event: 4.965 Thread 0x0000022179ae4ba0 Unloading class 0x00000221011a6800 'java/lang/invoke/LambdaForm$MH+0x00000221011a6800'
Event: 4.965 Thread 0x0000022179ae4ba0 Unloading class 0x00000221011a6400 'java/lang/invoke/LambdaForm$BMH+0x00000221011a6400'
Event: 4.965 Thread 0x0000022179ae4ba0 Unloading class 0x00000221011a6000 'java/lang/invoke/LambdaForm$DMH+0x00000221011a6000'
Event: 4.965 Thread 0x0000022179ae4ba0 Unloading class 0x00000221011a4c00 'java/lang/invoke/LambdaForm$DMH+0x00000221011a4c00'
Event: 6.452 Thread 0x0000022179ae4ba0 Unloading class 0x0000022101342400 'java/lang/invoke/LambdaForm$MH+0x0000022101342400'
Event: 6.452 Thread 0x0000022179ae4ba0 Unloading class 0x0000022101341800 'java/lang/invoke/LambdaForm$MH+0x0000022101341800'
Event: 6.452 Thread 0x0000022179ae4ba0 Unloading class 0x0000022101341000 'java/lang/invoke/LambdaForm$MH+0x0000022101341000'
Event: 6.452 Thread 0x0000022179ae4ba0 Unloading class 0x0000022101340800 'java/lang/invoke/LambdaForm$MH+0x0000022101340800'
Event: 6.452 Thread 0x0000022179ae4ba0 Unloading class 0x0000022101340400 'java/lang/invoke/LambdaForm$DMH+0x0000022101340400'
Event: 6.452 Thread 0x0000022179ae4ba0 Unloading class 0x000002210133b800 'java/lang/invoke/LambdaForm$MH+0x000002210133b800'

Classes redefined (0 events):
No events

Internal exceptions (20 events):
Event: 417.556 Thread 0x00000221483d4d30 Exception <a 'sun/nio/fs/WindowsException'{0x00000000d56a19f8}> (0x00000000d56a19f8) 
thrown [s\src\hotspot\share\prims\jni.cpp, line 520]
Event: 417.557 Thread 0x00000221483d4d30 Exception <a 'sun/nio/fs/WindowsException'{0x00000000d56a3d10}> (0x00000000d56a3d10) 
thrown [s\src\hotspot\share\prims\jni.cpp, line 520]
Event: 417.558 Thread 0x00000221483d4d30 Exception <a 'sun/nio/fs/WindowsException'{0x00000000d56a4a00}> (0x00000000d56a4a00) 
thrown [s\src\hotspot\share\prims\jni.cpp, line 520]
Event: 417.558 Thread 0x00000221483d4d30 Exception <a 'sun/nio/fs/WindowsException'{0x00000000d56a7190}> (0x00000000d56a7190) 
thrown [s\src\hotspot\share\prims\jni.cpp, line 520]
Event: 417.559 Thread 0x00000221483d4d30 Exception <a 'sun/nio/fs/WindowsException'{0x00000000d56a7ea0}> (0x00000000d56a7ea0) 
thrown [s\src\hotspot\share\prims\jni.cpp, line 520]
Event: 417.562 Thread 0x00000221483d4d30 Exception <a 'sun/nio/fs/WindowsException'{0x00000000d56b2b88}> (0x00000000d56b2b88) 
thrown [s\src\hotspot\share\prims\jni.cpp, line 520]
Event: 417.563 Thread 0x00000221483d4d30 Exception <a 'sun/nio/fs/WindowsException'{0x00000000d56b3790}> (0x00000000d56b3790) 
thrown [s\src\hotspot\share\prims\jni.cpp, line 520]
Event: 417.564 Thread 0x00000221483d4d30 Exception <a 'sun/nio/fs/WindowsException'{0x00000000d56b5930}> (0x00000000d56b5930) 
thrown [s\src\hotspot\share\prims\jni.cpp, line 520]
Event: 417.564 Thread 0x00000221483d4d30 Exception <a 'sun/nio/fs/WindowsException'{0x00000000d56b6560}> (0x00000000d56b6560) 
thrown [s\src\hotspot\share\prims\jni.cpp, line 520]
Event: 417.566 Thread 0x00000221483d4d30 Exception <a 'sun/nio/fs/WindowsException'{0x00000000d56b8a88}> (0x00000000d56b8a88) 
thrown [s\src\hotspot\share\prims\jni.cpp, line 520]
Event: 417.566 Thread 0x00000221483d4d30 Exception <a 'sun/nio/fs/WindowsException'{0x00000000d56b9780}> (0x00000000d56b9780) 
thrown [s\src\hotspot\share\prims\jni.cpp, line 520]
Event: 417.570 Thread 0x00000221483d4d30 Exception <a 'sun/nio/fs/WindowsException'{0x00000000d56bbb38}> (0x00000000d56bbb38) 
thrown [s\src\hotspot\share\prims\jni.cpp, line 520]
Event: 417.570 Thread 0x00000221483d4d30 Exception <a 'sun/nio/fs/WindowsException'{0x00000000d56bca98}> (0x00000000d56bca98) 
thrown [s\src\hotspot\share\prims\jni.cpp, line 520]
Event: 417.571 Thread 0x00000221483d4d30 Exception <a 'sun/nio/fs/WindowsException'{0x00000000d56bed00}> (0x00000000d56bed00) 
thrown [s\src\hotspot\share\prims\jni.cpp, line 520]
Event: 417.571 Thread 0x00000221483d4d30 Exception <a 'sun/nio/fs/WindowsException'{0x00000000d56bf930}> (0x00000000d56bf930) 
thrown [s\src\hotspot\share\prims\jni.cpp, line 520]
Event: 417.573 Thread 0x00000221483d4d30 Exception <a 'sun/nio/fs/WindowsException'{0x00000000d56c1c48}> (0x00000000d56c1c48) 
thrown [s\src\hotspot\share\prims\jni.cpp, line 520]
Event: 417.573 Thread 0x00000221483d4d30 Exception <a 'sun/nio/fs/WindowsException'{0x00000000d56c2890}> (0x00000000d56c2890) 
thrown [s\src\hotspot\share\prims\jni.cpp, line 520]
Event: 417.849 Thread 0x0000022146785e20 Exception <a 'java/io/FileNotFoundException'{0x00000000d58413b0}> (0x00000000d58413b0) 
thrown [s\src\hotspot\share\prims\jni.cpp, line 520]
Event: 417.850 Thread 0x0000022146785e20 Exception <a 'java/io/FileNotFoundException'{0x00000000d5842d88}> (0x00000000d5842d88) 
thrown [s\src\hotspot\share\prims\jni.cpp, line 520]
Event: 417.851 Thread 0x0000022146785e20 Exception <a 'java/io/FileNotFoundException'{0x00000000d5844000}> (0x00000000d5844000) 
thrown [s\src\hotspot\share\prims\jni.cpp, line 520]

ZGC Phase Switch (0 events):
No events

VM Operations (20 events):
Event: 120.216 Executing VM operation: RendezvousGCThreads
Event: 120.216 Executing VM operation: RendezvousGCThreads done
Event: 304.555 Executing VM operation: Cleanup
Event: 304.555 Executing VM operation: Cleanup done
Event: 360.681 Executing VM operation: HandshakeAllThreads (HandshakeForDeflation)
Event: 360.681 Executing VM operation: HandshakeAllThreads (HandshakeForDeflation) done
Event: 360.681 Executing VM operation: RendezvousGCThreads
Event: 360.681 Executing VM operation: RendezvousGCThreads done
Event: 417.348 Executing VM operation: ParallelGCFailedAllocation (Allocation Failure)
Event: 417.390 Executing VM operation: ParallelGCFailedAllocation (Allocation Failure) done
Event: 417.807 Executing VM operation: HandshakeAllThreads (Deoptimize)
Event: 417.807 Executing VM operation: HandshakeAllThreads (Deoptimize) done
Event: 417.857 Executing VM operation: ParallelGCFailedAllocation (Allocation Failure)
Event: 417.859 Executing VM operation: ParallelGCFailedAllocation (Allocation Failure) done
Event: 419.860 Executing VM operation: Cleanup
Event: 419.860 Executing VM operation: Cleanup done
Event: 420.725 Executing VM operation: HandshakeAllThreads (HandshakeForDeflation)
Event: 420.725 Executing VM operation: HandshakeAllThreads (HandshakeForDeflation) done
Event: 420.725 Executing VM operation: RendezvousGCThreads
Event: 420.725 Executing VM operation: RendezvousGCThreads done

Memory protections (0 events):
No events

Nmethod flushes (20 events):
Event: 29.483 Thread 0x0000022179ae4ba0 flushing osr nmethod 0x0000022165910390
Event: 29.483 Thread 0x0000022179ae4ba0 flushing  nmethod 0x0000022165914010
Event: 29.483 Thread 0x0000022179ae4ba0 flushing  nmethod 0x0000022165953590
Event: 29.483 Thread 0x0000022179ae4ba0 flushing  nmethod 0x000002216596e310
Event: 29.483 Thread 0x0000022179ae4ba0 flushing  nmethod 0x000002216596ec90
Event: 29.483 Thread 0x0000022179ae4ba0 flushing  nmethod 0x0000022165970010
Event: 29.483 Thread 0x0000022179ae4ba0 flushing  nmethod 0x0000022165972310
Event: 29.483 Thread 0x0000022179ae4ba0 flushing  nmethod 0x000002216598b510
Event: 29.483 Thread 0x0000022179ae4ba0 flushing  nmethod 0x000002216598bb10
Event: 29.483 Thread 0x0000022179ae4ba0 flushing  nmethod 0x000002216598c390
Event: 29.483 Thread 0x0000022179ae4ba0 flushing  nmethod 0x000002216598db90
Event: 29.483 Thread 0x0000022179ae4ba0 flushing  nmethod 0x00000221659bff10
Event: 29.483 Thread 0x0000022179ae4ba0 flushing  nmethod 0x0000022165a16410
Event: 29.483 Thread 0x0000022179ae4ba0 flushing  nmethod 0x0000022165a16810
Event: 29.483 Thread 0x0000022179ae4ba0 flushing  nmethod 0x0000022165a17e90
Event: 29.483 Thread 0x0000022179ae4ba0 flushing  nmethod 0x0000022165a19390
Event: 29.483 Thread 0x0000022179ae4ba0 flushing  nmethod 0x0000022165a1a090
Event: 29.483 Thread 0x0000022179ae4ba0 flushing  nmethod 0x0000022165a1c610
Event: 29.483 Thread 0x0000022179ae4ba0 flushing  nmethod 0x0000022165a54690
Event: 29.483 Thread 0x0000022179ae4ba0 flushing  nmethod 0x0000022165a75f10

Events (20 events):
Event: 119.593 Thread 0x00000221467871d0 Thread exited: 0x00000221467871d0
Event: 119.593 Thread 0x0000022145950ff0 Thread exited: 0x0000022145950ff0
Event: 119.593 Thread 0x0000022146787ef0 Thread exited: 0x0000022146787ef0
Event: 119.593 Thread 0x0000022146786b40 Thread exited: 0x0000022146786b40
Event: 174.938 Thread 0x00000221483d8ed0 Thread exited: 0x00000221483d8ed0
Event: 234.945 Thread 0x00000221483dc350 Thread exited: 0x00000221483dc350
Event: 294.950 Thread 0x00000221483d9bf0 Thread exited: 0x00000221483d9bf0
Event: 304.539 Thread 0x0000022179b10200 Thread added: 0x0000022149c4d850
Event: 309.686 Thread 0x0000022149c4d850 Thread exited: 0x0000022149c4d850
Event: 354.966 Thread 0x00000221483da910 Thread exited: 0x00000221483da910
Event: 414.966 Thread 0x0000022146ac2790 Thread exited: 0x0000022146ac2790
Event: 417.902 Thread 0x0000022179b10200 Thread added: 0x0000022149c4cab0
Event: 417.902 Thread 0x0000022179b10200 Thread added: 0x0000022149c4d850
Event: 417.903 Thread 0x0000022179b10200 Thread added: 0x0000022149c4df20
Event: 417.903 Thread 0x0000022179b10200 Thread added: 0x0000022149c4e5f0
Event: 422.910 Thread 0x0000022149c4e5f0 Thread exited: 0x0000022149c4e5f0
Event: 422.910 Thread 0x0000022149c4cab0 Thread exited: 0x0000022149c4cab0
Event: 422.910 Thread 0x0000022149c4df20 Thread exited: 0x0000022149c4df20
Event: 427.924 Thread 0x0000022149c4d850 Thread exited: 0x0000022149c4d850
Event: 474.967 Thread 0x00000221483d5a50 Thread exited: 0x00000221483d5a50


Dynamic libraries:
0x00007ff796f70000 - 0x00007ff796f7e000 	c:\Users\mhnhp\.cursor\extensions\redhat.java-1.47.0-win32-x64\jre\21.0.8-win32-x86_64\bin\java.exe
0x00007fffe8160000 - 0x00007fffe83c8000 	C:\WINDOWS\SYSTEM32\ntdll.dll
0x00007fffe7570000 - 0x00007fffe7639000 	C:\WINDOWS\System32\KERNEL32.DLL
0x00007fffe57e0000 - 0x00007fffe5bd2000 	C:\WINDOWS\System32\KERNELBASE.dll
0x00007fffdf280000 - 0x00007fffdf31f000 	C:\WINDOWS\SYSTEM32\apphelp.dll
0x00007fffe55a0000 - 0x00007fffe56eb000 	C:\WINDOWS\System32\ucrtbase.dll
0x00007fffceb60000 - 0x00007fffceb78000 	c:\Users\mhnhp\.cursor\extensions\redhat.java-1.47.0-win32-x64\jre\21.0.8-win32-x86_64\bin\jli.dll
0x00007fffcd430000 - 0x00007fffcd44e000 	c:\Users\mhnhp\.cursor\extensions\redhat.java-1.47.0-win32-x64\jre\21.0.8-win32-x86_64\bin\VCRUNTIME140.dll
0x00007fffe5f40000 - 0x00007fffe6105000 	C:\WINDOWS\System32\USER32.dll
0x00007fffcaa40000 - 0x00007fffcacd3000 	C:\WINDOWS\WinSxS\amd64_microsoft.windows.common-controls_6595b64144ccf1df_6.0.26100.6899_none_3e0efeeae32e88c1\COMCTL32.dll
0x00007fffe56f0000 - 0x00007fffe5717000 	C:\WINDOWS\System32\win32u.dll
0x00007fffe6f80000 - 0x00007fffe7029000 	C:\WINDOWS\System32\msvcrt.dll
0x00007fffe7810000 - 0x00007fffe783b000 	C:\WINDOWS\System32\GDI32.dll
0x00007fffe5c80000 - 0x00007fffe5dad000 	C:\WINDOWS\System32\gdi32full.dll
0x00007fffe52f0000 - 0x00007fffe5393000 	C:\WINDOWS\System32\msvcp_win.dll
0x00007fffe76e0000 - 0x00007fffe770f000 	C:\WINDOWS\System32\IMM32.DLL
0x00007fffd1440000 - 0x00007fffd144c000 	c:\Users\mhnhp\.cursor\extensions\redhat.java-1.47.0-win32-x64\jre\21.0.8-win32-x86_64\bin\vcruntime140_1.dll
0x00007fff97330000 - 0x00007fff973bd000 	c:\Users\mhnhp\.cursor\extensions\redhat.java-1.47.0-win32-x64\jre\21.0.8-win32-x86_64\bin\msvcp140.dll
0x00007fff119d0000 - 0x00007fff12767000 	c:\Users\mhnhp\.cursor\extensions\redhat.java-1.47.0-win32-x64\jre\21.0.8-win32-x86_64\bin\server\jvm.dll
0x00007fffe8010000 - 0x00007fffe80c4000 	C:\WINDOWS\System32\ADVAPI32.dll
0x00007fffe6ed0000 - 0x00007fffe6f76000 	C:\WINDOWS\System32\sechost.dll
0x00007fffe78c0000 - 0x00007fffe79d8000 	C:\WINDOWS\System32\RPCRT4.dll
0x00007fffe7b40000 - 0x00007fffe7bb4000 	C:\WINDOWS\System32\WS2_32.dll
0x00007fffe5150000 - 0x00007fffe51ae000 	C:\WINDOWS\SYSTEM32\POWRPROF.dll
0x00007fffdf440000 - 0x00007fffdf475000 	C:\WINDOWS\SYSTEM32\WINMM.dll
0x00007fffcfa80000 - 0x00007fffcfa8b000 	C:\WINDOWS\SYSTEM32\VERSION.dll
0x00007fffe5080000 - 0x00007fffe5094000 	C:\WINDOWS\SYSTEM32\UMPDC.dll
0x00007fffe40c0000 - 0x00007fffe40db000 	C:\WINDOWS\SYSTEM32\kernel.appcore.dll
0x00007fffd0fb0000 - 0x00007fffd0fba000 	c:\Users\mhnhp\.cursor\extensions\redhat.java-1.47.0-win32-x64\jre\21.0.8-win32-x86_64\bin\jimage.dll
0x00007fffe2a40000 - 0x00007fffe2c82000 	C:\WINDOWS\SYSTEM32\DBGHELP.DLL
0x00007fffe7c90000 - 0x00007fffe800b000 	C:\WINDOWS\System32\combase.dll
0x00007fffe7030000 - 0x00007fffe7107000 	C:\WINDOWS\System32\OLEAUT32.dll
0x00007fffdd140000 - 0x00007fffdd17c000 	C:\WINDOWS\SYSTEM32\dbgcore.DLL
0x00007fffe5be0000 - 0x00007fffe5c78000 	C:\WINDOWS\System32\bcryptPrimitives.dll
0x00007fffd0e90000 - 0x00007fffd0e9f000 	c:\Users\mhnhp\.cursor\extensions\redhat.java-1.47.0-win32-x64\jre\21.0.8-win32-x86_64\bin\instrument.dll
0x00007fffcc010000 - 0x00007fffcc02f000 	c:\Users\mhnhp\.cursor\extensions\redhat.java-1.47.0-win32-x64\jre\21.0.8-win32-x86_64\bin\java.dll
0x00007fffe6760000 - 0x00007fffe6ead000 	C:\WINDOWS\System32\SHELL32.dll
0x00007fffe53a0000 - 0x00007fffe550b000 	C:\WINDOWS\System32\wintypes.dll
0x00007fffe2f40000 - 0x00007fffe379d000 	C:\WINDOWS\SYSTEM32\windows.storage.dll
0x00007fffe73f0000 - 0x00007fffe74e2000 	C:\WINDOWS\System32\SHCORE.dll
0x00007fffe7bc0000 - 0x00007fffe7c22000 	C:\WINDOWS\System32\shlwapi.dll
0x00007fffe5210000 - 0x00007fffe5239000 	C:\WINDOWS\SYSTEM32\profapi.dll
0x00007fffca3e0000 - 0x00007fffca3f8000 	c:\Users\mhnhp\.cursor\extensions\redhat.java-1.47.0-win32-x64\jre\21.0.8-win32-x86_64\bin\zip.dll
0x00007fffcf7c0000 - 0x00007fffcf7d0000 	C:\Users\mhnhp\.cursor\extensions\redhat.java-1.47.0-win32-x64\jre\21.0.8-win32-x86_64\bin\net.dll
0x00007fffd92d0000 - 0x00007fffd93ef000 	C:\WINDOWS\SYSTEM32\WINHTTP.dll
0x00007fffe4630000 - 0x00007fffe469b000 	C:\WINDOWS\system32\mswsock.dll
0x00007fffca0f0000 - 0x00007fffca106000 	C:\Users\mhnhp\.cursor\extensions\redhat.java-1.47.0-win32-x64\jre\21.0.8-win32-x86_64\bin\nio.dll
0x00007fffcf660000 - 0x00007fffcf670000 	c:\Users\mhnhp\.cursor\extensions\redhat.java-1.47.0-win32-x64\jre\21.0.8-win32-x86_64\bin\verify.dll
0x00007fffc5950000 - 0x00007fffc5994000 	C:\Users\mhnhp\AppData\Roaming\Cursor\User\globalStorage\redhat.java\1.47.0\config_win\org.eclipse.equinox.launcher\org.eclipse.equinox.launcher.win32.win32.x86_64_1.2.1400.v20250801-0854\eclipse_11916.dll
0x00007fffe65c0000 - 0x00007fffe6758000 	C:\WINDOWS\System32\ole32.dll
0x00007fffe48f0000 - 0x00007fffe490b000 	C:\WINDOWS\SYSTEM32\CRYPTSP.dll
0x00007fffe4020000 - 0x00007fffe405b000 	C:\WINDOWS\system32\rsaenh.dll
0x00007fffe46d0000 - 0x00007fffe46fb000 	C:\WINDOWS\SYSTEM32\USERENV.dll
0x00007fffe51e0000 - 0x00007fffe5206000 	C:\WINDOWS\SYSTEM32\bcrypt.dll
0x00007fffe48e0000 - 0x00007fffe48ec000 	C:\WINDOWS\SYSTEM32\CRYPTBASE.dll
0x00007fffe3c10000 - 0x00007fffe3c44000 	C:\WINDOWS\SYSTEM32\IPHLPAPI.DLL
0x00007fffe6ec0000 - 0x00007fffe6eca000 	C:\WINDOWS\System32\NSI.dll
0x00007fffc3690000 - 0x00007fffc36d9000 	C:\Users\mhnhp\AppData\Local\Temp\jna-2987064\jna6201634398116463949.dll
0x00007fffe6eb0000 - 0x00007fffe6eb8000 	C:\WINDOWS\System32\PSAPI.DLL
0x00007fffdbae0000 - 0x00007fffdbafe000 	C:\WINDOWS\SYSTEM32\dhcpcsvc6.DLL
0x00007fffdba30000 - 0x00007fffdba53000 	C:\WINDOWS\SYSTEM32\dhcpcsvc.DLL
0x00007fffce600000 - 0x00007fffce60e000 	C:\Users\mhnhp\.cursor\extensions\redhat.java-1.47.0-win32-x64\jre\21.0.8-win32-x86_64\bin\sunmscapi.dll
0x00007fffe5db0000 - 0x00007fffe5f27000 	C:\WINDOWS\System32\CRYPT32.dll
0x00007fffe4b00000 - 0x00007fffe4b30000 	C:\WINDOWS\SYSTEM32\ncrypt.dll
0x00007fffe4ab0000 - 0x00007fffe4aef000 	C:\WINDOWS\SYSTEM32\NTASN1.dll
0x00007fffe3c50000 - 0x00007fffe3d76000 	C:\WINDOWS\SYSTEM32\DNSAPI.dll
0x00007fffd9b50000 - 0x00007fffd9b5b000 	C:\Windows\System32\rasadhlp.dll
0x00007fffdbcf0000 - 0x00007fffdbd76000 	C:\WINDOWS\System32\fwpuclnt.dll
0x00007fffcc8a0000 - 0x00007fffcc8a9000 	C:\Users\mhnhp\.cursor\extensions\redhat.java-1.47.0-win32-x64\jre\21.0.8-win32-x86_64\bin\extnet.dll
0x00007fffca0a0000 - 0x00007fffca0c7000 	C:\Users\mhnhp\.gradle\native\c067742578af261105cb4f569cf0c3c89f3d7b1fecec35dd04571415982c5e48\windows-amd64\native-platform.dll
0x00007fffcef50000 - 0x00007fffcef5a000 	C:\Users\mhnhp\.cursor\extensions\redhat.java-1.47.0-win32-x64\jre\21.0.8-win32-x86_64\bin\management.dll
0x00007fffcea00000 - 0x00007fffcea0b000 	C:\Users\mhnhp\.cursor\extensions\redhat.java-1.47.0-win32-x64\jre\21.0.8-win32-x86_64\bin\management_ext.dll

JVMTI agents:
c:\Users\mhnhp\.cursor\extensions\redhat.java-1.47.0-win32-x64\lombok\lombok-1.18.39-4050.jar path:c:\Users\mhnhp\.cursor\extensions\redhat.java-1.47.0-win32-x64\jre\21.0.8-win32-x86_64\bin\instrument.dll, loaded, initialized, instrumentlib options:none

dbghelp: loaded successfully - version: 4.0.5 - missing functions: none
symbol engine: initialized successfully - sym options: 0x614 - pdb path: .;c:\Users\mhnhp\.cursor\extensions\redhat.java-1.47.0-win32-x64\jre\21.0.8-win32-x86_64\bin;C:\WINDOWS\SYSTEM32;C:\WINDOWS\WinSxS\amd64_microsoft.windows.common-controls_6595b64144ccf1df_6.0.26100.6899_none_3e0efeeae32e88c1;c:\Users\mhnhp\.cursor\extensions\redhat.java-1.47.0-win32-x64\jre\21.0.8-win32-x86_64\bin\server;C:\Users\mhnhp\AppData\Roaming\Cursor\User\globalStorage\redhat.java\1.47.0\config_win\org.eclipse.equinox.launcher\org.eclipse.equinox.launcher.win32.win32.x86_64_1.2.1400.v20250801-0854;C:\Users\mhnhp\AppData\Local\Temp\jna-2987064;C:\Users\mhnhp\.gradle\native\c067742578af261105cb4f569cf0c3c89f3d7b1fecec35dd04571415982c5e48\windows-amd64

VM Arguments:
jvm_args: --add-modules=ALL-SYSTEM --add-opens=java.base/java.util=ALL-UNNAMED --add-opens=java.base/java.lang=ALL-UNNAMED --add-opens=java.base/sun.nio.fs=ALL-UNNAMED -Declipse.application=org.eclipse.jdt.ls.core.id1 -Dosgi.bundles.defaultStartLevel=4 -Declipse.product=org.eclipse.jdt.ls.core.product -Djava.import.generatesMetadataFilesAtProjectRoot=false -DDetectVMInstallationsJob.disabled=true -Dfile.encoding=utf8 -XX:+UseParallelGC -XX:GCTimeRatio=4 -XX:AdaptiveSizePolicyWeight=90 -Dsun.zip.disableMemoryMapping=true -Xmx2G -Xms100m -Xlog:disable -javaagent:c:\Users\mhnhp\.cursor\extensions\redhat.java-1.47.0-win32-x64\lombok\lombok-1.18.39-4050.jar -XX:+HeapDumpOnOutOfMemoryError -XX:HeapDumpPath=c:\Users\mhnhp\AppData\Roaming\Cursor\User\workspaceStorage\91e6f4dfc53d0bd93e94ad3b5b2fcffa\redhat.java -Daether.dependencyCollector.impl=bf 
java_command: c:\Users\mhnhp\.cursor\extensions\redhat.java-1.47.0-win32-x64\server\plugins\org.eclipse.equinox.launcher_1.7.100.v20251014-1222.jar -configuration c:\Users\mhnhp\AppData\Roaming\Cursor\User\globalStorage\redhat.java\1.47.0\config_win -data c:\Users\mhnhp\AppData\Roaming\Cursor\User\workspaceStorage\91e6f4dfc53d0bd93e94ad3b5b2fcffa\redhat.java\jdt_ws --pipe=\\.\pipe\lsp-e0f64b1fb0667a7f34b574f56ae08f57-sock
java_class_path (initial): c:\Users\mhnhp\.cursor\extensions\redhat.java-1.47.0-win32-x64\server\plugins\org.eclipse.equinox.launcher_1.7.100.v20251014-1222.jar
Launcher Type: SUN_STANDARD

[Global flags]
    uintx AdaptiveSizePolicyWeight                 = 90                                        {product} {command line}
     intx CICompilerCount                          = 12                                        {product} {ergonomic}
    uintx GCTimeRatio                              = 4                                         {product} {command line}
     bool HeapDumpOnOutOfMemoryError               = true                                   {manageable} {command line}
    ccstr HeapDumpPath                             = c:\Users\mhnhp\AppData\Roaming\Cursor\User\workspaceStorage\91e6f4dfc53d0bd93e94ad3b5b2fcffa\redhat.java         {manageable} {command line}
   size_t InitialHeapSize                          = 104857600                                 {product} {command line}
   size_t MaxHeapSize                              = 2147483648                                {product} {command line}
   size_t MaxNewSize                               = 715653120                                 {product} {ergonomic}
   size_t MinHeapDeltaBytes                        = 524288                                    {product} {ergonomic}
   size_t MinHeapSize                              = 104857600                                 {product} {command line}
   size_t NewSize                                  = 34603008                                  {product} {ergonomic}
    uintx NonNMethodCodeHeapSize                   = 7602480                                {pd product} {ergonomic}
    uintx NonProfiledCodeHeapSize                  = 122027880                              {pd product} {ergonomic}
   size_t OldSize                                  = 70254592                                  {product} {ergonomic}
    uintx ProfiledCodeHeapSize                     = 122027880                              {pd product} {ergonomic}
    uintx ReservedCodeCacheSize                    = 251658240                              {pd product} {ergonomic}
     bool SegmentedCodeCache                       = true                                      {product} {ergonomic}
   size_t SoftMaxHeapSize                          = 2147483648                             {manageable} {ergonomic}
     bool UseCompressedOops                        = true                           {product lp64_product} {ergonomic}
     bool UseLargePagesIndividualAllocation        = false                                  {pd product} {ergonomic}
     bool UseParallelGC                            = true                                      {product} {command line}

Logging:
Log output configuration:
 #0: stdout all=off uptime,level,tags foldmultilines=false
 #1: stderr all=off uptime,level,tags foldmultilines=false

Environment Variables:
PATH=C:\Program Files\Eclipse Adoptium\jdk-21.0.6.7-hotspot\bin;C:\WINDOWS\system32;C:\WINDOWS;C:\WINDOWS\System32\Wbem;C:\WINDOWS\System32\WindowsPowerShell\v1.0\;C:\WINDOWS\System32\OpenSSH\;C:\Program Files\dotnet\;C:\Program Files\Git\cmd;C:\ProgramData\chocolatey\bin;C:\Program Files\nodejs\;C:\Users\mhnhp\AppData\Local\Programs\Python\Python312-32\Scripts\;C:\Users\mhnhp\AppData\Local\Programs\Python\Python312-32\;C:\Users\mhnhp\AppData\Local\Microsoft\WindowsApps;C:\Users\mhnhp\AppData\Local\GitHubDesktop\bin;C:\Users\mhnhp\AppData\Local\Programs\Microsoft VS Code\bin;C:\Users\mhnhp\AppData\Roaming\npm;C:\Users\mhnhp\AppData\Local\Programs\cursor\resources\app\bin;C:\Users\mhnhp\AppData\Local\Python\bin
USERNAME=abby
OS=Windows_NT
PROCESSOR_IDENTIFIER=Intel64 Family 6 Model 186 Stepping 2, GenuineIntel
TMP=C:\Users\mhnhp\AppData\Local\Temp
TEMP=C:\Users\mhnhp\AppData\Local\Temp




Periodic native trim disabled

---------------  S Y S T E M  ---------------

OS:
 Windows 11 , 64 bit Build 26100 (10.0.26100.6725)
OS uptime: 22 days 10:08 hours
Hyper-V role detected

CPU: total 16 (initial active 16) (8 cores per cpu, 2 threads per core) family 6 model 186 stepping 2 microcode 0x4128, cx8, cmov, fxsr, ht, mmx, 3dnowpref, sse, sse2, sse3, ssse3, sse4.1, sse4.2, popcnt, lzcnt, tsc, tscinvbit, avx, avx2, aes, erms, clmul, bmi1, bmi2, adx, sha, fma, vzeroupper, clflush, clflushopt, clwb, hv, serialize, rdtscp, rdpid, fsrm, f16c, cet_ibt, cet_ss
Processor Information for processor 0
  Max Mhz: 2400, Current Mhz: 2400, Mhz Limit: 2400
Processor Information for processor 1
  Max Mhz: 2400, Current Mhz: 1520, Mhz Limit: 2400
Processor Information for processor 2
  Max Mhz: 2400, Current Mhz: 1520, Mhz Limit: 2400
Processor Information for processor 3
  Max Mhz: 2400, Current Mhz: 1520, Mhz Limit: 2400
Processor Information for processor 4
  Max Mhz: 2400, Current Mhz: 2400, Mhz Limit: 2400
Processor Information for processor 5
  Max Mhz: 2400, Current Mhz: 1520, Mhz Limit: 2400
Processor Information for processor 6
  Max Mhz: 2400, Current Mhz: 1520, Mhz Limit: 2400
Processor Information for processor 7
  Max Mhz: 2400, Current Mhz: 2400, Mhz Limit: 2400
Processor Information for processor 8
  Max Mhz: 2400, Current Mhz: 2400, Mhz Limit: 2400
Processor Information for processor 9
  Max Mhz: 2400, Current Mhz: 1520, Mhz Limit: 2400
Processor Information for processor 10
  Max Mhz: 2400, Current Mhz: 1520, Mhz Limit: 2400
Processor Information for processor 11
  Max Mhz: 2400, Current Mhz: 1520, Mhz Limit: 2400
Processor Information for processor 12
  Max Mhz: 2400, Current Mhz: 2400, Mhz Limit: 2400
Processor Information for processor 13
  Max Mhz: 2400, Current Mhz: 2400, Mhz Limit: 2400
Processor Information for processor 14
  Max Mhz: 2400, Current Mhz: 2400, Mhz Limit: 2400
Processor Information for processor 15
  Max Mhz: 2400, Current Mhz: 2400, Mhz Limit: 2400

Memory: 4k page, system-wide physical 16055M (502M free)
TotalPageFile size 65207M (AvailPageFile size 199M)
current process WorkingSet (physical memory assigned to process): 124M, peak: 457M
current process commit charge ("private bytes"): 513M, peak: 546M

vm_info: OpenJDK 64-Bit Server VM (21.0.8+9-LTS) for windows-amd64 JRE (21.0.8+9-LTS), built on 2025-07-15T00:00:00Z by "admin" with MS VC++ 17.7 (VS2022)

END.
